2025-09-16 08:49:03,917 - INFO - Starting C-Eval dataset processing...
2025-09-16 08:49:03,918 - INFO - Found 3 subject directories
2025-09-16 08:49:03,918 - INFO - Progress: 1/3 - Processing computer_science
2025-09-16 08:49:03,918 - INFO - Processing subject: computer_science
2025-09-16 08:49:03,957 - INFO - Added 2 records from val.parquet
2025-09-16 08:49:03,957 - INFO - Subject computer_science: 2 total records
2025-09-16 08:49:03,957 - INFO - ✓ computer_science: 2 records
2025-09-16 08:49:03,957 - INFO - Progress: 2/3 - Processing mathematics
2025-09-16 08:49:03,957 - INFO - Processing subject: mathematics
2025-09-16 08:49:03,959 - INFO - Added 1 records from val.parquet
2025-09-16 08:49:03,959 - INFO - Subject mathematics: 1 total records
2025-09-16 08:49:03,959 - INFO - ✓ mathematics: 1 records
2025-09-16 08:49:03,959 - INFO - Progress: 3/3 - Processing physics
2025-09-16 08:49:03,959 - INFO - Processing subject: physics
2025-09-16 08:49:03,960 - INFO - Added 1 records from val.parquet
2025-09-16 08:49:03,960 - INFO - Subject physics: 1 total records
2025-09-16 08:49:03,960 - INFO - ✓ physics: 1 records
2025-09-16 08:49:03,960 - INFO - Processing complete: 4 total records from 3 subjects
2025-09-16 08:49:03,960 - INFO - Data saved to: /tmp/tmphdalexof/test_output.json
2025-09-16 08:49:03,960 - INFO - File size: 0.00 MB
2025-09-16 08:49:03,964 - INFO - Starting C-Eval dataset processing...
2025-09-16 08:49:03,964 - INFO - Found 4 subject directories
2025-09-16 08:49:03,964 - INFO - Progress: 1/4 - Processing computer_science
2025-09-16 08:49:03,964 - INFO - Processing subject: computer_science
2025-09-16 08:49:03,965 - INFO - Added 2 records from val.parquet
2025-09-16 08:49:03,965 - INFO - Subject computer_science: 2 total records
2025-09-16 08:49:03,965 - INFO - ✓ computer_science: 2 records
2025-09-16 08:49:03,965 - INFO - Progress: 2/4 - Processing corrupted_subject
2025-09-16 08:49:03,965 - INFO - Processing subject: corrupted_subject
2025-09-16 08:49:03,966 - WARNING - PyArrow failed for val.parquet: Error creating dataset. Could not read schema from '/tmp/tmp3tjp3sf4/ceval_error_test/corrupted_subject/val.parquet'. Is this a 'parquet' file?: Could not open Parquet input source '/tmp/tmp3tjp3sf4/ceval_error_test/corrupted_subject/val.parquet': Parquet magic bytes not found in footer. Either the file is corrupted or this is not a parquet file.
2025-09-16 08:49:03,966 - ERROR - All reading methods failed for val.parquet: read_table() got an unexpected keyword argument 'use_legacy_dataset'
2025-09-16 08:49:03,966 - ERROR - Failed to read val.parquet
2025-09-16 08:49:03,966 - WARNING - ✗ corrupted_subject: No data extracted
2025-09-16 08:49:03,966 - INFO - Progress: 3/4 - Processing mathematics
2025-09-16 08:49:03,966 - INFO - Processing subject: mathematics
2025-09-16 08:49:03,967 - INFO - Added 1 records from val.parquet
2025-09-16 08:49:03,967 - INFO - Subject mathematics: 1 total records
2025-09-16 08:49:03,967 - INFO - ✓ mathematics: 1 records
2025-09-16 08:49:03,967 - INFO - Progress: 4/4 - Processing physics
2025-09-16 08:49:03,967 - INFO - Processing subject: physics
2025-09-16 08:49:03,968 - INFO - Added 1 records from val.parquet
2025-09-16 08:49:03,968 - INFO - Subject physics: 1 total records
2025-09-16 08:49:03,968 - INFO - ✓ physics: 1 records
2025-09-16 08:49:03,968 - INFO - Processing complete: 4 total records from 3 subjects
2025-09-16 08:49:03,968 - WARNING - Failed to process: ['corrupted_subject']
2025-09-16 08:49:03,968 - INFO - Data saved to: /tmp/tmp3tjp3sf4/error_test_output.json
2025-09-16 08:49:03,968 - INFO - File size: 0.00 MB
2025-09-16 08:50:14,850 - INFO - Starting C-Eval dataset processing...
2025-09-16 08:50:14,851 - INFO - Found 3 subject directories
2025-09-16 08:50:14,851 - INFO - Progress: 1/3 - Processing computer_science
2025-09-16 08:50:14,851 - INFO - Processing subject: computer_science
2025-09-16 08:50:14,890 - INFO - Added 2 records from val.parquet
2025-09-16 08:50:14,890 - INFO - Subject computer_science: 2 total records
2025-09-16 08:50:14,891 - INFO - ✓ computer_science: 2 records
2025-09-16 08:50:14,891 - INFO - Progress: 2/3 - Processing mathematics
2025-09-16 08:50:14,891 - INFO - Processing subject: mathematics
2025-09-16 08:50:14,892 - INFO - Added 1 records from val.parquet
2025-09-16 08:50:14,892 - INFO - Subject mathematics: 1 total records
2025-09-16 08:50:14,892 - INFO - ✓ mathematics: 1 records
2025-09-16 08:50:14,892 - INFO - Progress: 3/3 - Processing physics
2025-09-16 08:50:14,892 - INFO - Processing subject: physics
2025-09-16 08:50:14,893 - INFO - Added 1 records from val.parquet
2025-09-16 08:50:14,893 - INFO - Subject physics: 1 total records
2025-09-16 08:50:14,893 - INFO - ✓ physics: 1 records
2025-09-16 08:50:14,893 - INFO - Processing complete: 4 total records from 3 subjects
2025-09-16 08:50:14,893 - INFO - Data saved to: /tmp/tmpsq07v7ik/test_output.json
2025-09-16 08:50:14,893 - INFO - File size: 0.00 MB
2025-09-16 08:50:14,896 - INFO - Starting C-Eval dataset processing...
2025-09-16 08:50:14,896 - INFO - Found 4 subject directories
2025-09-16 08:50:14,897 - INFO - Progress: 1/4 - Processing computer_science
2025-09-16 08:50:14,897 - INFO - Processing subject: computer_science
2025-09-16 08:50:14,897 - INFO - Added 2 records from val.parquet
2025-09-16 08:50:14,898 - INFO - Subject computer_science: 2 total records
2025-09-16 08:50:14,898 - INFO - ✓ computer_science: 2 records
2025-09-16 08:50:14,898 - INFO - Progress: 2/4 - Processing corrupted_subject
2025-09-16 08:50:14,898 - INFO - Processing subject: corrupted_subject
2025-09-16 08:50:14,898 - WARNING - PyArrow failed for val.parquet: Error creating dataset. Could not read schema from '/tmp/tmp2lr2qxun/ceval_error_test/corrupted_subject/val.parquet'. Is this a 'parquet' file?: Could not open Parquet input source '/tmp/tmp2lr2qxun/ceval_error_test/corrupted_subject/val.parquet': Parquet magic bytes not found in footer. Either the file is corrupted or this is not a parquet file.
2025-09-16 08:50:14,898 - ERROR - All reading methods failed for val.parquet: Error creating dataset. Could not read schema from '/tmp/tmp2lr2qxun/ceval_error_test/corrupted_subject/val.parquet'. Is this a 'parquet' file?: Could not open Parquet input source '/tmp/tmp2lr2qxun/ceval_error_test/corrupted_subject/val.parquet': Parquet magic bytes not found in footer. Either the file is corrupted or this is not a parquet file., Error creating dataset. Could not read schema from '/tmp/tmp2lr2qxun/ceval_error_test/corrupted_subject/val.parquet'. Is this a 'parquet' file?: Could not open Parquet input source '/tmp/tmp2lr2qxun/ceval_error_test/corrupted_subject/val.parquet': Parquet magic bytes not found in footer. Either the file is corrupted or this is not a parquet file., Could not open Parquet input source '<Buffer>': Parquet magic bytes not found in footer. Either the file is corrupted or this is not a parquet file.
2025-09-16 08:50:14,898 - ERROR - Failed to read val.parquet
2025-09-16 08:50:14,898 - WARNING - ✗ corrupted_subject: No data extracted
2025-09-16 08:50:14,898 - INFO - Progress: 3/4 - Processing mathematics
2025-09-16 08:50:14,899 - INFO - Processing subject: mathematics
2025-09-16 08:50:14,899 - INFO - Added 1 records from val.parquet
2025-09-16 08:50:14,899 - INFO - Subject mathematics: 1 total records
2025-09-16 08:50:14,899 - INFO - ✓ mathematics: 1 records
2025-09-16 08:50:14,900 - INFO - Progress: 4/4 - Processing physics
2025-09-16 08:50:14,900 - INFO - Processing subject: physics
2025-09-16 08:50:14,900 - INFO - Added 1 records from val.parquet
2025-09-16 08:50:14,900 - INFO - Subject physics: 1 total records
2025-09-16 08:50:14,901 - INFO - ✓ physics: 1 records
2025-09-16 08:50:14,901 - INFO - Processing complete: 4 total records from 3 subjects
2025-09-16 08:50:14,901 - WARNING - Failed to process: ['corrupted_subject']
2025-09-16 08:50:14,901 - INFO - Data saved to: /tmp/tmp2lr2qxun/error_test_output.json
2025-09-16 08:50:14,901 - INFO - File size: 0.00 MB
